Archive member included to satisfy reference by file (symbol)

C:/ST/STM32CubeIDE_1.11.0/STM32CubeIDE/plugins/com.st.stm32cube.ide.mcu.externaltools.gnu-tools-for-stm32.11.3.rel1.win32_1.1.1.202309131626/tools/bin/../lib/gcc/arm-none-eabi/11.3.1/../../../../arm-none-eabi/lib/thumb/v7-m/nofp\libc_nano.a(libc_a-exit.o)
                              C:/ST/STM32CubeIDE_1.11.0/STM32CubeIDE/plugins/com.st.stm32cube.ide.mcu.externaltools.gnu-tools-for-stm32.11.3.rel1.win32_1.1.1.202309131626/tools/bin/../lib/gcc/arm-none-eabi/11.3.1/../../../../arm-none-eabi/lib/thumb/v7-m/nofp/crt0.o (exit)
C:/ST/STM32CubeIDE_1.11.0/STM32CubeIDE/plugins/com.st.stm32cube.ide.mcu.externaltools.gnu-tools-for-stm32.11.3.rel1.win32_1.1.1.202309131626/tools/bin/../lib/gcc/arm-none-eabi/11.3.1/../../../../arm-none-eabi/lib/thumb/v7-m/nofp\libc_nano.a(libc_a-findfp.o)
                              C:/ST/STM32CubeIDE_1.11.0/STM32CubeIDE/plugins/com.st.stm32cube.ide.mcu.externaltools.gnu-tools-for-stm32.11.3.rel1.win32_1.1.1.202309131626/tools/bin/../lib/gcc/arm-none-eabi/11.3.1/../../../../arm-none-eabi/lib/thumb/v7-m/nofp\libc_nano.a(libc_a-exit.o) (__stdio_exit_handler)
C:/ST/STM32CubeIDE_1.11.0/STM32CubeIDE/plugins/com.st.stm32cube.ide.mcu.externaltools.gnu-tools-for-stm32.11.3.rel1.win32_1.1.1.202309131626/tools/bin/../lib/gcc/arm-none-eabi/11.3.1/../../../../arm-none-eabi/lib/thumb/v7-m/nofp\libc_nano.a(libc_a-fwalk.o)
                              C:/ST/STM32CubeIDE_1.11.0/STM32CubeIDE/plugins/com.st.stm32cube.ide.mcu.externaltools.gnu-tools-for-stm32.11.3.rel1.win32_1.1.1.202309131626/tools/bin/../lib/gcc/arm-none-eabi/11.3.1/../../../../arm-none-eabi/lib/thumb/v7-m/nofp\libc_nano.a(libc_a-findfp.o) (_fwalk_sglue)
C:/ST/STM32CubeIDE_1.11.0/STM32CubeIDE/plugins/com.st.stm32cube.ide.mcu.externaltools.gnu-tools-for-stm32.11.3.rel1.win32_1.1.1.202309131626/tools/bin/../lib/gcc/arm-none-eabi/11.3.1/../../../../arm-none-eabi/lib/thumb/v7-m/nofp\libc_nano.a(libc_a-stdio.o)
                              C:/ST/STM32CubeIDE_1.11.0/STM32CubeIDE/plugins/com.st.stm32cube.ide.mcu.externaltools.gnu-tools-for-stm32.11.3.rel1.win32_1.1.1.202309131626/tools/bin/../lib/gcc/arm-none-eabi/11.3.1/../../../../arm-none-eabi/lib/thumb/v7-m/nofp\libc_nano.a(libc_a-findfp.o) (__sread)
C:/ST/STM32CubeIDE_1.11.0/STM32CubeIDE/plugins/com.st.stm32cube.ide.mcu.externaltools.gnu-tools-for-stm32.11.3.rel1.win32_1.1.1.202309131626/tools/bin/../lib/gcc/arm-none-eabi/11.3.1/../../../../arm-none-eabi/lib/thumb/v7-m/nofp\libc_nano.a(libc_a-memset.o)
                              C:/ST/STM32CubeIDE_1.11.0/STM32CubeIDE/plugins/com.st.stm32cube.ide.mcu.externaltools.gnu-tools-for-stm32.11.3.rel1.win32_1.1.1.202309131626/tools/bin/../lib/gcc/arm-none-eabi/11.3.1/../../../../arm-none-eabi/lib/thumb/v7-m/nofp/crt0.o (memset)
C:/ST/STM32CubeIDE_1.11.0/STM32CubeIDE/plugins/com.st.stm32cube.ide.mcu.externaltools.gnu-tools-for-stm32.11.3.rel1.win32_1.1.1.202309131626/tools/bin/../lib/gcc/arm-none-eabi/11.3.1/../../../../arm-none-eabi/lib/thumb/v7-m/nofp\libc_nano.a(libc_a-closer.o)
                              C:/ST/STM32CubeIDE_1.11.0/STM32CubeIDE/plugins/com.st.stm32cube.ide.mcu.externaltools.gnu-tools-for-stm32.11.3.rel1.win32_1.1.1.202309131626/tools/bin/../lib/gcc/arm-none-eabi/11.3.1/../../../../arm-none-eabi/lib/thumb/v7-m/nofp\libc_nano.a(libc_a-stdio.o) (_close_r)
C:/ST/STM32CubeIDE_1.11.0/STM32CubeIDE/plugins/com.st.stm32cube.ide.mcu.externaltools.gnu-tools-for-stm32.11.3.rel1.win32_1.1.1.202309131626/tools/bin/../lib/gcc/arm-none-eabi/11.3.1/../../../../arm-none-eabi/lib/thumb/v7-m/nofp\libc_nano.a(libc_a-reent.o)
                              C:/ST/STM32CubeIDE_1.11.0/STM32CubeIDE/plugins/com.st.stm32cube.ide.mcu.externaltools.gnu-tools-for-stm32.11.3.rel1.win32_1.1.1.202309131626/tools/bin/../lib/gcc/arm-none-eabi/11.3.1/../../../../arm-none-eabi/lib/thumb/v7-m/nofp\libc_nano.a(libc_a-closer.o) (errno)
C:/ST/STM32CubeIDE_1.11.0/STM32CubeIDE/plugins/com.st.stm32cube.ide.mcu.externaltools.gnu-tools-for-stm32.11.3.rel1.win32_1.1.1.202309131626/tools/bin/../lib/gcc/arm-none-eabi/11.3.1/../../../../arm-none-eabi/lib/thumb/v7-m/nofp\libc_nano.a(libc_a-impure.o)
                              C:/ST/STM32CubeIDE_1.11.0/STM32CubeIDE/plugins/com.st.stm32cube.ide.mcu.externaltools.gnu-tools-for-stm32.11.3.rel1.win32_1.1.1.202309131626/tools/bin/../lib/gcc/arm-none-eabi/11.3.1/../../../../arm-none-eabi/lib/thumb/v7-m/nofp\libc_nano.a(libc_a-reent.o) (_impure_ptr)
C:/ST/STM32CubeIDE_1.11.0/STM32CubeIDE/plugins/com.st.stm32cube.ide.mcu.externaltools.gnu-tools-for-stm32.11.3.rel1.win32_1.1.1.202309131626/tools/bin/../lib/gcc/arm-none-eabi/11.3.1/../../../../arm-none-eabi/lib/thumb/v7-m/nofp\libc_nano.a(libc_a-lseekr.o)
[...]
Memory Configuration

Name             Origin             Length             Attributes
RAM              0x0000000020000000 0x0000000000005000 xrw
FLASH            0x0000000008000000 0x0000000000010000 xr
*default*        0x0000000000000000 0xffffffffffffffff

Linker script and memory map

LOAD C:/ST/STM32CubeIDE_1.11.0/STM32CubeIDE/plugins/com.st.stm32cube.ide.mcu.externaltools.gnu-tools-for-stm32.11.3.rel1.win32_1.1.1.202309131626/tools/bin/../lib/gcc/arm-none-eabi/11.3.1/thumb/v7-m/nofp/crti.o
LOAD C:/ST/STM32CubeIDE_1.11.0/STM32CubeIDE/plugins/com.st.stm32cube.ide.mcu.externaltools.gnu-tools-for-stm32.11.3.rel1.win32_1.1.1.202309131626/tools/bin/../lib/gcc/arm-none-eabi/11.3.1/thumb/v7-m/nofp/crtbegin.o
LOAD C:/ST/STM32CubeIDE_1.11.0/STM32CubeIDE/plugins/com.st.stm32cube.ide.mcu.externaltools.gnu-tools-for-stm32.11.3.rel1.win32_1.1.1.202309131626/tools/bin/../lib/gcc/arm-none-eabi/11.3.1/../../../../arm-none-eabi/lib/thumb/v7-m/nofp/crt0.o
LOAD ./Core/Src/main.o
LOAD ./Core/Src/stm32f1xx_hal_msp.o
LOAD ./Core/Src/stm32f1xx_it.o
LOAD ./Core/Src/syscalls.o
LOAD ./Core/Src/sysmem.o
LOAD ./Core/Src/system_stm32f1xx.o
LOAD ./Core/Startup/startup_stm32f103c8tx.o
LOAD ./Drivers/STM32F1xx_HAL_Driver/Src/stm32f1xx_hal.o
LOAD ./Drivers/STM32F1xx_HAL_Driver/Src/stm32f1xx_hal_adc.o
LOAD ./Drivers/STM32F1xx_HAL_Driver/Src/stm32f1xx_hal_adc_ex.o
LOAD ./Drivers/STM32F1xx_HAL_Driver/Src/stm32f1xx_hal_cortex.o
LOAD ./Drivers/STM32F1xx_HAL_Driver/Src/stm32f1xx_hal_dma.o
LOAD ./Drivers/STM32F1xx_HAL_Driver/Src/stm32f1xx_hal_exti.o
LOAD ./Drivers/STM32F1xx_HAL_Driver/Src/stm32f1xx_hal_flash.o
LOAD ./Drivers/STM32F1xx_HAL_Driver/Src/stm32f1xx_hal_flash_ex.o
LOAD ./Drivers/STM32F1xx_HAL_Driver/Src/stm32f1xx_hal_gpio.o
LOAD ./Drivers/STM32F1xx_HAL_Driver/Src/stm32f1xx_hal_gpio_ex.o
LOAD ./Drivers/STM32F1xx_HAL_Driver/Src/stm32f1xx_hal_pwr.o
LOAD ./Drivers/STM32F1xx_HAL_Driver/Src/stm32f1xx_hal_rcc.o
LOAD ./Drivers/STM32F1xx_HAL_Driver/Src/stm32f1xx_hal_rcc_ex.o
LOAD ./Drivers/STM32F1xx_HAL_Driver/Src/stm32f1xx_hal_tim.o
LOAD ./Drivers/STM32F1xx_HAL_Driver/Src/stm32f1xx_hal_tim_ex.o
LOAD ./Drivers/STM32F1xx_HAL_Driver/Src/stm32f1xx_ll_adc.o
LOAD ./Drivers/STM32F1xx_HAL_Driver/Src/stm32f1xx_ll_dma.o
LOAD ./Drivers/STM32F1xx_HAL_Driver/Src/stm32f1xx_ll_exti.o
LOAD ./Drivers/STM32F1xx_HAL_Driver/Src/stm32f1xx_ll_gpio.o
LOAD ./Drivers/STM32F1xx_HAL_Driver/Src/stm32f1xx_ll_i2c.o
LOAD ./Drivers/STM32F1xx_HAL_Driver/Src/stm32f1xx_ll_rcc.o
LOAD ./Drivers/STM32F1xx_HAL_Driver/Src/stm32f1xx_ll_usart.o
LOAD ./Drivers/STM32F1xx_HAL_Driver/Src/stm32f1xx_ll_utils.o
START GROUP
LOAD C:/ST/STM32CubeIDE_1.11.0/STM32CubeIDE/plugins/com.st.stm32cube.ide.mcu.externaltools.gnu-tools-for-stm32.11.3.rel1.win32_1.1.1.202309131626/tools/bin/../lib/gcc/arm-none-eabi/11.3.1/../../../../arm-none-eabi/lib/thumb/v7-m/nofp\libc_nano.a
LOAD C:/ST/STM32CubeIDE_1.11.0/STM32CubeIDE/plugins/com.st.stm32cube.ide.mcu.externaltools.gnu-tools-for-stm32.11.3.rel1.win32_1.1.1.202309131626/tools/bin/../lib/gcc/arm-none-eabi/11.3.1/../../../../arm-none-eabi/lib/thumb/v7-m/nofp\libm.a
END GROUP
START GROUP
LOAD C:/ST/STM32CubeIDE_1.11.0/STM32CubeIDE/plugins/com.st.stm32cube.ide.mcu.externaltools.gnu-tools-for-stm32.11.3.rel1.win32_1.1.1.202309131626/tools/bin/../lib/gcc/arm-none-eabi/11.3.1/thumb/v7-m/nofp\libgcc.a
LOAD C:/ST/STM32CubeIDE_1.11.0/STM32CubeIDE/plugins/com.st.stm32cube.ide.mcu.externaltools.gnu-tools-for-stm32.11.3.rel1.win32_1.1.1.202309131626/tools/bin/../lib/gcc/arm-none-eabi/11.3.1/../../../../arm-none-eabi/lib/thumb/v7-m/nofp\libc_nano.a
END GROUP
START GROUP
LOAD C:/ST/STM32CubeIDE_1.11.0/STM32CubeIDE/plugins/com.st.stm32cube.ide.mcu.externaltools.gnu-tools-for-stm32.11.3.rel1.win32_1.1.1.202309131626/tools/bin/../lib/gcc/arm-none-eabi/11.3.1/thumb/v7-m/nofp\libgcc.a
LOAD C:/ST/STM32CubeIDE_1.11.0/STM32CubeIDE/plugins/com.st.stm32cube.ide.mcu.externaltools.gnu-tools-for-stm32.11.3.rel1.win32_1.1.1.202309131626/tools/bin/../lib/gcc/arm-none-eabi/11.3.1/../../../../arm-none-eabi/lib/thumb/v7-m/nofp\libc_nano.a
LOAD C:/ST/STM32CubeIDE_1.11.0/STM32CubeIDE/plugins/com.st.stm32cube.ide.mcu.externaltools.gnu-tools-for-stm32.11.3.rel1.win32_1.1.1.202309131626/tools/bin/../lib/gcc/arm-none-eabi/11.3.1/../../../../arm-none-eabi/lib/thumb/v7-m/nofp\libnosys.a
END GROUP
START GROUP
LOAD C:/ST/STM32CubeIDE_1.11.0/STM32CubeIDE/plugins/com.st.stm32cube.ide.mcu.externaltools.gnu-tools-for-stm32.11.3.rel1.win32_1.1.1.202309131626/tools/bin/../lib/gcc/arm-none-eabi/11.3.1/thumb/v7-m/nofp\libgcc.a
LOAD C:/ST/STM32CubeIDE_1.11.0/STM32CubeIDE/plugins/com.st.stm32cube.ide.mcu.externaltools.gnu-tools-for-stm32.11.3.rel1.win32_1.1.1.202309131626/tools/bin/../lib/gcc/arm-none-eabi/11.3.1/../../../../arm-none-eabi/lib/thumb/v7-m/nofp\libc_nano.a
LOAD C:/ST/STM32CubeIDE_1.11.0/STM32CubeIDE/plugins/com.st.stm32cube.ide.mcu.externaltools.gnu-tools-for-stm32.11.3.rel1.win32_1.1.1.202309131626/tools/bin/../lib/gcc/arm-none-eabi/11.3.1/../../../../arm-none-eabi/lib/thumb/v7-m/nofp\libnosys.a
END GROUP
LOAD C:/ST/STM32CubeIDE_1.11.0/STM32CubeIDE/plugins/com.st.stm32cube.ide.mcu.externaltools.gnu-tools-for-stm32.11.3.rel1.win32_1.1.1.202309131626/tools/bin/../lib/gcc/arm-none-eabi/11.3.1/thumb/v7-m/nofp/crtend.o
LOAD C:/ST/STM32CubeIDE_1.11.0/STM32CubeIDE/plugins/com.st.stm32cube.ide.mcu.externaltools.gnu-tools-for-stm32.11.3.rel1.win32_1.1.1.202309131626/tools/bin/../lib/gcc/arm-none-eabi/11.3.1/thumb/v7-m/nofp/crtn.o
                0x0000000020005000                _estack = (ORIGIN (RAM) + LENGTH (RAM))
                0x0000000000000200                _Min_Heap_Size = 0x200
                0x0000000000000400                _Min_Stack_Size = 0x400

.isr_vector     0x0000000008000000      0x10c
                0x0000000008000000                . = ALIGN (0x4)
 *(.isr_vector)
 .isr_vector    0x0000000008000000      0x10c ./Core/Startup/startup_stm32f103c8tx.o
                0x0000000008000000                g_pfnVectors
                0x000000000800010c                . = ALIGN (0x4)

.text           0x000000000800010c     0x2ad4
                0x000000000800010c                . = ALIGN (0x4)
 *(.text)
 .text          0x000000000800010c       0x40 C:/ST/STM32CubeIDE_1.11.0/STM32CubeIDE/plugins/com.st.stm32cube.ide.mcu.externaltools.gnu-tools-for-stm32.11.3.rel1.win32_1.1.1.202309131626/tools/bin/../lib/gcc/arm-none-eabi/11.3.1/thumb/v7-m/nofp/crtbegin.o
 .text          0x000000000800014c      0x21c C:/ST/STM32CubeIDE_1.11.0/STM32CubeIDE/plugins/com.st.stm32cube.ide.mcu.externaltools.gnu-tools-for-stm32.11.3.rel1.win32_1.1.1.202309131626/tools/bin/../lib/gcc/arm-none-eabi/11.3.1/thumb/v7-m/nofp\libgcc.a(_arm_addsubsf3.o)
                0x000000000800014c                __aeabi_frsub
                0x0000000008000154                __subsf3
                0x0000000008000154                __aeabi_fsub
                0x0000000008000158                __aeabi_fadd
                0x0000000008000158                __addsf3
                0x00000000080002b8                __aeabi_ui2f
                0x00000000080002b8                __floatunsisf
                0x00000000080002c0                __aeabi_i2f
                0x00000000080002c0                __floatsisf
                0x00000000080002dc                __aeabi_ul2f
                0x00000000080002dc                __floatundisf
                0x00000000080002ec                __aeabi_l2f
                0x00000000080002ec                __floatdisf
 .text          0x0000000008000368      0x2a0 C:/ST/STM32CubeIDE_1.11.0/STM32CubeIDE/plugins/com.st.stm32cube.ide.mcu.externaltools.gnu-tools-for-stm32.11.3.rel1.win32_1.1.1.202309131626/tools/bin/../lib/gcc/arm-none-eabi/11.3.1/thumb/v7-m/nofp\libgcc.a(_arm_muldivsf3.o)
                0x0000000008000368                __mulsf3
                0x0000000008000368                __aeabi_fmul
                0x00000000080004d0                __aeabi_fdiv
                0x00000000080004d0                __divsf3
 .text          0x0000000008000608       0xec C:/ST/STM32CubeIDE_1.11.0/STM32CubeIDE/plugins/com.st.stm32cube.ide.mcu.externaltools.gnu-tools-for-stm32.11.3.rel1.win32_1.1.1.202309131626/tools/bin/../lib/gcc/arm-none-eabi/11.3.1/thumb/v7-m/nofp\libgcc.a(_arm_cmpsf2.o)
                0x0000000008000608                __gesf2
                0x0000000008000608                __gtsf2
                0x0000000008000610                __lesf2
                0x0000000008000610                __ltsf2
                0x0000000008000618                __nesf2
                0x0000000008000618                __eqsf2
                0x0000000008000618                __cmpsf2
                0x0000000008000678                __aeabi_cfrcmple
                0x0000000008000680                __aeabi_cfcmpeq
                0x0000000008000680                __aeabi_cfcmple
                0x0000000008000690                __aeabi_fcmpeq
                0x00000000080006a4                __aeabi_fcmplt
                0x00000000080006b8                __aeabi_fcmple
                0x00000000080006cc                __aeabi_fcmpge
                0x00000000080006e0                __aeabi_fcmpgt
 *(.text*)
 .text.__NVIC_GetPriorityGrouping
                0x00000000080006f4       0x1c ./Core/Src/main.o
 .text.__NVIC_EnableIRQ
                0x0000000008000710       0x38 ./Core/Src/main.o
 .text.__NVIC_SetPriority
                0x0000000008000748       0x54 ./Core/Src/main.o
 .text.NVIC_EncodePriority
                0x000000000800079c       0x64 ./Core/Src/main.o
 .text.LL_ADC_REG_SetSequencerRanks
                0x0000000008000800       0x6a ./Core/Src/main.o
 .text.LL_ADC_SetChannelSamplingTime
                0x000000000800086a       0x96 ./Core/Src/main.o
 .text.LL_ADC_Enable
                0x0000000008000900       0x1e ./Core/Src/main.o
 .text.LL_ADC_REG_StartConversionSWStart
                0x000000000800091e       0x1e ./Core/Src/main.o
 .text.LL_ADC_REG_ReadConversionData12
                0x000000000800093c       0x18 ./Core/Src/main.o
 .text.LL_ADC_IsActiveFlag_EOS
                0x0000000008000954       0x24 ./Core/Src/main.o
 .text.LL_I2C_EnableClockStretching
                0x0000000008000978       0x1e ./Core/Src/main.o
 .text.LL_I2C_DisableGeneralCall
                0x0000000008000996       0x1e ./Core/Src/main.o
 .text.LL_I2C_SetOwnAddress2
                0x00000000080009b4       0x24 ./Core/Src/main.o
 .text.LL_I2C_DisableOwnAddress2
                0x00000000080009d8       0x1e ./Core/Src/main.o
 *fill*         0x00000000080009f6        0x2 
 .text.LL_RCC_HSI_Enable
                0x00000000080009f8       0x1c ./Core/Src/main.o
 .text.LL_RCC_HSI_IsReady
                0x0000000008000a14       0x24 ./Core/Src/main.o
 .text.LL_RCC_HSI_SetCalibTrimming
                0x0000000008000a38       0x28 ./Core/Src/main.o
 .text.LL_RCC_SetSysClkSource
                0x0000000008000a60       0x28 ./Core/Src/main.o
 .text.LL_RCC_GetSysClkSource
                0x0000000008000a88       0x18 ./Core/Src/main.o
 .text.LL_RCC_SetAHBPrescaler
                0x0000000008000aa0       0x28 ./Core/Src/main.o
 .text.LL_RCC_SetAPB1Prescaler
                0x0000000008000ac8       0x28 ./Core/Src/main.o
 .text.LL_RCC_SetAPB2Prescaler
                0x0000000008000af0       0x28 ./Core/Src/main.o
 .text.LL_RCC_SetADCClockSource
                0x0000000008000b18       0x28 ./Core/Src/main.o
 .text.LL_APB1_GRP1_EnableClock
                0x0000000008000b40       0x30 ./Core/Src/main.o
 .text.LL_APB2_GRP1_EnableClock
                0x0000000008000b70       0x30 ./Core/Src/main.o
 .text.LL_FLASH_SetLatency
                0x0000000008000ba0       0x28 ./Core/Src/main.o
 .text.LL_FLASH_GetLatency
                0x0000000008000bc8       0x18 ./Core/Src/main.o
 .text.LL_USART_Enable
                0x0000000008000be0       0x1e ./Core/Src/main.o
 .text.LL_USART_ConfigAsyncMode
                0x0000000008000bfe       0x2a ./Core/Src/main.o
 .text.LL_USART_IsActiveFlag_TXE
                0x0000000008000c28       0x24 ./Core/Src/main.o
 .text.LL_USART_TransmitData8
                0x0000000008000c4c       0x1c ./Core/Src/main.o
 .text.LL_GPIO_IsInputPinSet
                0x0000000008000c68       0x2c ./Core/Src/main.o
 .text.LL_GPIO_SetOutputPin
                0x0000000008000c94       0x1e ./Core/Src/main.o
 .text.LL_GPIO_ResetOutputPin
                0x0000000008000cb2       0x1e ./Core/Src/main.o
 .text.LL_GPIO_AF_EnableRemap_I2C1
                0x0000000008000cd0       0x20 ./Core/Src/main.o
 .text.UART_SendByte
                0x0000000008000cf0       0x38 ./Core/Src/main.o
                0x0000000008000cf0                UART_SendByte
 .text.map      0x0000000008000d28       0x36 ./Core/Src/main.o
                0x0000000008000d28                map
 *fill*         0x0000000008000d5e        0x2 
 .text.kalman_single
                0x0000000008000d60       0xa8 ./Core/Src/main.o
                0x0000000008000d60                kalman_single
 .text.main     0x0000000008000e08      0x1c4 ./Core/Src/main.o
                0x0000000008000e08                main
 .text.SystemClock_Config
                0x0000000008000fcc       0x74 ./Core/Src/main.o
                0x0000000008000fcc                SystemClock_Config
 .text.MX_ADC1_Init
                0x0000000008001040       0xe4 ./Core/Src/main.o
 .text.MX_ADC2_Init
                0x0000000008001124       0x7c ./Core/Src/main.o
 .text.MX_I2C1_Init
                0x00000000080011a0       0xac ./Core/Src/main.o
 .text.MX_USART1_UART_Init
                0x000000000800124c       0xb0 ./Core/Src/main.o
 .text.MX_GPIO_Init
                0x00000000080012fc       0x70 ./Core/Src/main.o
 .text.Error_Handler
                0x000000000800136c        0xa ./Core/Src/main.o
                0x000000000800136c                Error_Handler
 *fill*         0x0000000008001376        0x2 
 .text.HAL_MspInit
                0x0000000008001378       0x64 ./Core/Src/stm32f1xx_hal_msp.o
                0x0000000008001378                HAL_MspInit
 .text.HAL_ADC_MspInit
                0x00000000080013dc       0x88 ./Core/Src/stm32f1xx_hal_msp.o
                0x00000000080013dc                HAL_ADC_MspInit
 .text.NMI_Handler
                0x0000000008001464        0x6 ./Core/Src/stm32f1xx_it.o
                0x0000000008001464                NMI_Handler
 .text.HardFault_Handler
                0x000000000800146a        0x6 ./Core/Src/stm32f1xx_it.o
                0x000000000800146a                HardFault_Handler
 .text.MemManage_Handler
                0x0000000008001470        0x6 ./Core/Src/stm32f1xx_it.o
                0x0000000008001470                MemManage_Handler
 .text.BusFault_Handler
                0x0000000008001476        0x6 ./Core/Src/stm32f1xx_it.o
                0x0000000008001476                BusFault_Handler
 .text.UsageFault_Handler
                0x000000000800147c        0x6 ./Core/Src/stm32f1xx_it.o
                0x000000000800147c                UsageFault_Handler
 .text.SVC_Handler
                0x0000000008001482        0xc ./Core/Src/stm32f1xx_it.o
                0x0000000008001482                SVC_Handler
 .text.DebugMon_Handler
                0x000000000800148e        0xc ./Core/Src/stm32f1xx_it.o
                0x000000000800148e                DebugMon_Handler
 .text.PendSV_Handler
                0x000000000800149a        0xc ./Core/Src/stm32f1xx_it.o
                0x000000000800149a                PendSV_Handler
 .text.SysTick_Handler
                0x00000000080014a6        0xc ./Core/Src/stm32f1xx_it.o
                0x00000000080014a6                SysTick_Handler
 *fill*         0x00000000080014b2        0x2 
 .text.ADC1_2_IRQHandler
                0x00000000080014b4       0x14 ./Core/Src/stm32f1xx_it.o
                0x00000000080014b4                ADC1_2_IRQHandler
 .text.SystemInit
                0x00000000080014c8        0xc ./Core/Src/system_stm32f1xx.o
                0x00000000080014c8                SystemInit
 .text.Reset_Handler
                0x00000000080014d4       0x48 ./Core/Startup/startup_stm32f103c8tx.o
                0x00000000080014d4                Reset_Handler
 .text.Default_Handler
                0x000000000800151c        0x2 ./Core/Startup/startup_stm32f103c8tx.o
                0x000000000800151c                RTC_Alarm_IRQHandler
                0x000000000800151c                EXTI2_IRQHandler
                0x000000000800151c                TIM1_CC_IRQHandler
                0x000000000800151c                PVD_IRQHandler
                0x000000000800151c                EXTI3_IRQHandler
                0x000000000800151c                EXTI0_IRQHandler
                0x000000000800151c                I2C2_EV_IRQHandler
                0x000000000800151c                SPI1_IRQHandler
                0x000000000800151c                TAMPER_IRQHandler
                0x000000000800151c                DMA1_Channel4_IRQHandler
                0x000000000800151c                USART3_IRQHandler
                0x000000000800151c                RTC_IRQHandler
                0x000000000800151c                DMA1_Channel7_IRQHandler
                0x000000000800151c                CAN1_RX1_IRQHandler
                0x000000000800151c                TIM4_IRQHandler
                0x000000000800151c                I2C1_EV_IRQHandler
                0x000000000800151c                DMA1_Channel6_IRQHandler
                0x000000000800151c                TIM3_IRQHandler
                0x000000000800151c                RCC_IRQHandler
                0x000000000800151c                TIM1_TRG_COM_IRQHandler
                0x000000000800151c                DMA1_Channel1_IRQHandler
                0x000000000800151c                Default_Handler
                0x000000000800151c                EXTI15_10_IRQHandler
                0x000000000800151c                EXTI9_5_IRQHandler
                0x000000000800151c                SPI2_IRQHandler
                0x000000000800151c                DMA1_Channel5_IRQHandler
                0x000000000800151c                EXTI4_IRQHandler
                0x000000000800151c                USB_LP_CAN1_RX0_IRQHandler
                0x000000000800151c                USB_HP_CAN1_TX_IRQHandler
                0x000000000800151c                DMA1_Channel3_IRQHandler
                0x000000000800151c                TIM1_UP_IRQHandler
                0x000000000800151c                WWDG_IRQHandler
                0x000000000800151c                TIM2_IRQHandler
                0x000000000800151c                TIM1_BRK_IRQHandler
                0x000000000800151c                EXTI1_IRQHandler
                0x000000000800151c                USART2_IRQHandler
                0x000000000800151c                I2C2_ER_IRQHandler
                0x000000000800151c                DMA1_Channel2_IRQHandler
                0x000000000800151c                CAN1_SCE_IRQHandler
                0x000000000800151c                FLASH_IRQHandler
                0x000000000800151c                USART1_IRQHandler
                0x000000000800151c                I2C1_ER_IRQHandler
                0x000000000800151c                USBWakeUp_IRQHandler
 *fill*         0x000000000800151e        0x2 
 .text.HAL_Init
                0x0000000008001520       0x2c ./Drivers/STM32F1xx_HAL_Driver/Src/stm32f1xx_hal.o
                0x0000000008001520                HAL_Init
 .text.HAL_InitTick
                0x000000000800154c       0x60 ./Drivers/STM32F1xx_HAL_Driver/Src/stm32f1xx_hal.o
                0x000000000800154c                HAL_InitTick
 .text.HAL_IncTick
                0x00000000080015ac       0x24 ./Drivers/STM32F1xx_HAL_Driver/Src/stm32f1xx_hal.o
                0x00000000080015ac                HAL_IncTick
 .text.HAL_GetTick
                0x00000000080015d0       0x14 ./Drivers/STM32F1xx_HAL_Driver/Src/stm32f1xx_hal.o
                0x00000000080015d0                HAL_GetTick
 .text.HAL_ADC_Init
                0x00000000080015e4      0x1f8 ./Drivers/STM32F1xx_HAL_Driver/Src/stm32f1xx_hal_adc.o
                0x00000000080015e4                HAL_ADC_Init
 .text.HAL_ADC_IRQHandler
                0x00000000080017dc      0x184 ./Drivers/STM32F1xx_HAL_Driver/Src/stm32f1xx_hal_adc.o
                0x00000000080017dc                HAL_ADC_IRQHandler
 .text.HAL_ADC_ConvCpltCallback
                0x0000000008001960       0x12 ./Drivers/STM32F1xx_HAL_Driver/Src/stm32f1xx_hal_adc.o
                0x0000000008001960                HAL_ADC_ConvCpltCallback
 .text.HAL_ADC_ConvHalfCpltCallback
                0x0000000008001972       0x12 ./Drivers/STM32F1xx_HAL_Driver/Src/stm32f1xx_hal_adc.o
                0x0000000008001972                HAL_ADC_ConvHalfCpltCallback
 .text.HAL_ADC_LevelOutOfWindowCallback
                0x0000000008001984       0x12 ./Drivers/STM32F1xx_HAL_Driver/Src/stm32f1xx_hal_adc.o
                0x0000000008001984                HAL_ADC_LevelOutOfWindowCallback
 .text.HAL_ADC_ErrorCallback
                0x0000000008001996       0x12 ./Drivers/STM32F1xx_HAL_Driver/Src/stm32f1xx_hal_adc.o
                0x0000000008001996                HAL_ADC_ErrorCallback
 .text.HAL_ADC_ConfigChannel
                0x00000000080019a8      0x1f0 ./Drivers/STM32F1xx_HAL_Driver/Src/stm32f1xx_hal_adc.o
                0x00000000080019a8                HAL_ADC_ConfigChannel
 .text.ADC_ConversionStop_Disable
                0x0000000008001b98       0x82 ./Drivers/STM32F1xx_HAL_Driver/Src/stm32f1xx_hal_adc.o
                0x0000000008001b98                ADC_ConversionStop_Disable
 .text.HAL_ADCEx_InjectedConvCpltCallback
                0x0000000008001c1a       0x12 ./Drivers/STM32F1xx_HAL_Driver/Src/stm32f1xx_hal_adc_ex.o
                0x0000000008001c1a                HAL_ADCEx_InjectedConvCpltCallback
 .text.__NVIC_SetPriorityGrouping
                0x0000000008001c2c       0x48 ./Drivers/STM32F1xx_HAL_Driver/Src/stm32f1xx_hal_cortex.o
 .text.__NVIC_GetPriorityGrouping
                0x0000000008001c74       0x1c ./Drivers/STM32F1xx_HAL_Driver/Src/stm32f1xx_hal_cortex.o
 .text.__NVIC_EnableIRQ
                0x0000000008001c90       0x38 ./Drivers/STM32F1xx_HAL_Driver/Src/stm32f1xx_hal_cortex.o
 .text.__NVIC_SetPriority
                0x0000000008001cc8       0x54 ./Drivers/STM32F1xx_HAL_Driver/Src/stm32f1xx_hal_cortex.o
 .text.NVIC_EncodePriority
                0x0000000008001d1c       0x64 ./Drivers/STM32F1xx_HAL_Driver/Src/stm32f1xx_hal_cortex.o
 .text.SysTick_Config
                0x0000000008001d80       0x44 ./Drivers/STM32F1xx_HAL_Driver/Src/stm32f1xx_hal_cortex.o
 .text.HAL_NVIC_SetPriorityGrouping
                0x0000000008001dc4       0x16 ./Drivers/STM32F1xx_HAL_Driver/Src/stm32f1xx_hal_cortex.o
                0x0000000008001dc4                HAL_NVIC_SetPriorityGrouping
 .text.HAL_NVIC_SetPriority
                0x0000000008001dda       0x38 ./Drivers/STM32F1xx_HAL_Driver/Src/stm32f1xx_hal_cortex.o
                0x0000000008001dda                HAL_NVIC_SetPriority
 .text.HAL_NVIC_EnableIRQ
                0x0000000008001e12       0x1c ./Drivers/STM32F1xx_HAL_Driver/Src/stm32f1xx_hal_cortex.o
                0x0000000008001e12                HAL_NVIC_EnableIRQ
 .text.HAL_SYSTICK_Config
                0x0000000008001e2e       0x18 ./Drivers/STM32F1xx_HAL_Driver/Src/stm32f1xx_hal_cortex.o
                0x0000000008001e2e                HAL_SYSTICK_Config
 *fill*         0x0000000008001e46        0x2 
 .text.HAL_GPIO_Init
                0x0000000008001e48      0x308 ./Drivers/STM32F1xx_HAL_Driver/Src/stm32f1xx_hal_gpio.o
                0x0000000008001e48                HAL_GPIO_Init
 .text.LL_ADC_REG_SetSequencerLength
                0x0000000008002150       0x24 ./Drivers/STM32F1xx_HAL_Driver/Src/stm32f1xx_ll_adc.o
 .text.LL_ADC_IsEnabled
                0x0000000008002174       0x24 ./Drivers/STM32F1xx_HAL_Driver/Src/stm32f1xx_ll_adc.o
 .text.LL_ADC_CommonInit
                0x0000000008002198       0x64 ./Drivers/STM32F1xx_HAL_Driver/Src/stm32f1xx_ll_adc.o
                0x0000000008002198                LL_ADC_CommonInit
 .text.LL_ADC_Init
                0x00000000080021fc       0x4e ./Drivers/STM32F1xx_HAL_Driver/Src/stm32f1xx_ll_adc.o
                0x00000000080021fc                LL_ADC_Init
 .text.LL_ADC_REG_Init
                0x000000000800224a       0x8c ./Drivers/STM32F1xx_HAL_Driver/Src/stm32f1xx_ll_adc.o
                0x000000000800224a                LL_ADC_REG_Init
 .text.LL_GPIO_SetPinMode
                0x00000000080022d6       0x64 ./Drivers/STM32F1xx_HAL_Driver/Src/stm32f1xx_ll_gpio.o
 .text.LL_GPIO_SetPinSpeed
                0x000000000800233a       0x64 ./Drivers/STM32F1xx_HAL_Driver/Src/stm32f1xx_ll_gpio.o
 .text.LL_GPIO_SetPinOutputType
                0x000000000800239e       0x64 ./Drivers/STM32F1xx_HAL_Driver/Src/stm32f1xx_ll_gpio.o
 .text.LL_GPIO_SetPinPull
                0x0000000008002402       0x44 ./Drivers/STM32F1xx_HAL_Driver/Src/stm32f1xx_ll_gpio.o
 .text.LL_GPIO_Init
                0x0000000008002446       0xcc ./Drivers/STM32F1xx_HAL_Driver/Src/stm32f1xx_ll_gpio.o
                0x0000000008002446                LL_GPIO_Init
 .text.LL_I2C_Enable
                0x0000000008002512       0x1e ./Drivers/STM32F1xx_HAL_Driver/Src/stm32f1xx_ll_i2c.o
 .text.LL_I2C_Disable
                0x0000000008002530       0x1e ./Drivers/STM32F1xx_HAL_Driver/Src/stm32f1xx_ll_i2c.o
 .text.LL_I2C_SetOwnAddress1
                0x000000000800254e       0x2e ./Drivers/STM32F1xx_HAL_Driver/Src/stm32f1xx_ll_i2c.o
 .text.LL_I2C_ConfigSpeed
                0x000000000800257c      0x12c ./Drivers/STM32F1xx_HAL_Driver/Src/stm32f1xx_ll_i2c.o
 .text.LL_I2C_SetMode
                0x00000000080026a8       0x24 ./Drivers/STM32F1xx_HAL_Driver/Src/stm32f1xx_ll_i2c.o
 .text.LL_I2C_AcknowledgeNextData
                0x00000000080026cc       0x24 ./Drivers/STM32F1xx_HAL_Driver/Src/stm32f1xx_ll_i2c.o
 .text.LL_I2C_Init
                0x00000000080026f0       0x62 ./Drivers/STM32F1xx_HAL_Driver/Src/stm32f1xx_ll_i2c.o
                0x00000000080026f0                LL_I2C_Init
 *fill*         0x0000000008002752        0x2 
 .text.LL_RCC_GetSysClkSource
                0x0000000008002754       0x18 ./Drivers/STM32F1xx_HAL_Driver/Src/stm32f1xx_ll_rcc.o
 .text.LL_RCC_GetAHBPrescaler
                0x000000000800276c       0x18 ./Drivers/STM32F1xx_HAL_Driver/Src/stm32f1xx_ll_rcc.o
 .text.LL_RCC_GetAPB1Prescaler
                0x0000000008002784       0x18 ./Drivers/STM32F1xx_HAL_Driver/Src/stm32f1xx_ll_rcc.o
 .text.LL_RCC_GetAPB2Prescaler
                0x000000000800279c       0x18 ./Drivers/STM32F1xx_HAL_Driver/Src/stm32f1xx_ll_rcc.o
 .text.LL_RCC_PLL_GetMainSource
                0x00000000080027b4       0x18 ./Drivers/STM32F1xx_HAL_Driver/Src/stm32f1xx_ll_rcc.o
 .text.LL_RCC_PLL_GetMultiplicator
                0x00000000080027cc       0x18 ./Drivers/STM32F1xx_HAL_Driver/Src/stm32f1xx_ll_rcc.o
 .text.LL_RCC_PLL_GetPrediv
                0x00000000080027e4       0x1c ./Drivers/STM32F1xx_HAL_Driver/Src/stm32f1xx_ll_rcc.o
 .text.LL_RCC_GetSystemClocksFreq
                0x0000000008002800       0x4a ./Drivers/STM32F1xx_HAL_Driver/Src/stm32f1xx_ll_rcc.o
                0x0000000008002800                LL_RCC_GetSystemClocksFreq
 *fill*         0x000000000800284a        0x2 
 .text.RCC_GetSystemClockFreq
                0x000000000800284c       0x4c ./Drivers/STM32F1xx_HAL_Driver/Src/stm32f1xx_ll_rcc.o
                0x000000000800284c                RCC_GetSystemClockFreq
 .text.RCC_GetHCLKClockFreq
                0x0000000008002898       0x2c ./Drivers/STM32F1xx_HAL_Driver/Src/stm32f1xx_ll_rcc.o
                0x0000000008002898                RCC_GetHCLKClockFreq
 .text.RCC_GetPCLK1ClockFreq
                0x00000000080028c4       0x28 ./Drivers/STM32F1xx_HAL_Driver/Src/stm32f1xx_ll_rcc.o
                0x00000000080028c4                RCC_GetPCLK1ClockFreq
 .text.RCC_GetPCLK2ClockFreq
                0x00000000080028ec       0x28 ./Drivers/STM32F1xx_HAL_Driver/Src/stm32f1xx_ll_rcc.o
                0x00000000080028ec                RCC_GetPCLK2ClockFreq
 .text.RCC_PLL_GetFreqDomain_SYS
                0x0000000008002914       0x64 ./Drivers/STM32F1xx_HAL_Driver/Src/stm32f1xx_ll_rcc.o
                0x0000000008002914                RCC_PLL_GetFreqDomain_SYS
 .text.LL_USART_IsEnabled
                0x0000000008002978       0x26 ./Drivers/STM32F1xx_HAL_Driver/Src/stm32f1xx_ll_usart.o
 .text.LL_USART_SetStopBitsLength
                0x000000000800299e       0x24 ./Drivers/STM32F1xx_HAL_Driver/Src/stm32f1xx_ll_usart.o
 .text.LL_USART_SetHWFlowCtrl
                0x00000000080029c2       0x24 ./Drivers/STM32F1xx_HAL_Driver/Src/stm32f1xx_ll_usart.o
 *fill*         0x00000000080029e6        0x2 
 .text.LL_USART_SetBaudRate
                0x00000000080029e8       0xbc ./Drivers/STM32F1xx_HAL_Driver/Src/stm32f1xx_ll_usart.o
 .text.LL_USART_Init
                0x0000000008002aa4       0xc0 ./Drivers/STM32F1xx_HAL_Driver/Src/stm32f1xx_ll_usart.o
                0x0000000008002aa4                LL_USART_Init
 .text.LL_SetSystemCoreClock
                0x0000000008002b64       0x1c ./Drivers/STM32F1xx_HAL_Driver/Src/stm32f1xx_ll_utils.o
                0x0000000008002b64                LL_SetSystemCoreClock
 .text.__libc_init_array
                0x0000000008002b80       0x48 C:/ST/STM32CubeIDE_1.11.0/STM32CubeIDE/plugins/com.st.stm32cube.ide.mcu.externaltools.gnu-tools-for-stm32.11.3.rel1.win32_1.1.1.202309131626/tools/bin/../lib/gcc/arm-none-eabi/11.3.1/../../../../arm-none-eabi/lib/thumb/v7-m/nofp\libc_nano.a(libc_a-init.o)
                0x0000000008002b80                __libc_init_array
 *(.glue_7)
 .glue_7        0x0000000008002bc8        0x0 linker stubs
 *(.glue_7t)
 .glue_7t       0x0000000008002bc8        0x0 linker stubs
 *(.eh_frame)
 .eh_frame      0x0000000008002bc8        0x0 C:/ST/STM32CubeIDE_1.11.0/STM32CubeIDE/plugins/com.st.stm32cube.ide.mcu.externaltools.gnu-tools-for-stm32.11.3.rel1.win32_1.1.1.202309131626/tools/bin/../lib/gcc/arm-none-eabi/11.3.1/thumb/v7-m/nofp/crtbegin.o
 *(.init)
 .init          0x0000000008002bc8        0x4 C:/ST/STM32CubeIDE_1.11.0/STM32CubeIDE/plugins/com.st.stm32cube.ide.mcu.externaltools.gnu-tools-for-stm32.11.3.rel1.win32_1.1.1.202309131626/tools/bin/../lib/gcc/arm-none-eabi/11.3.1/thumb/v7-m/nofp/crti.o
                0x0000000008002bc8                _init
 .init          0x0000000008002bcc        0x8 C:/ST/STM32CubeIDE_1.11.0/STM32CubeIDE/plugins/com.st.stm32cube.ide.mcu.externaltools.gnu-tools-for-stm32.11.3.rel1.win32_1.1.1.202309131626/tools/bin/../lib/gcc/arm-none-eabi/11.3.1/thumb/v7-m/nofp/crtn.o
 *(.fini)
 .fini          0x0000000008002bd4        0x4 C:/ST/STM32CubeIDE_1.11.0/STM32CubeIDE/plugins/com.st.stm32cube.ide.mcu.externaltools.gnu-tools-for-stm32.11.3.rel1.win32_1.1.1.202309131626/tools/bin/../lib/gcc/arm-none-eabi/11.3.1/thumb/v7-m/nofp/crti.o
                0x0000000008002bd4                _fini
 .fini          0x0000000008002bd8        0x8 C:/ST/STM32CubeIDE_1.11.0/STM32CubeIDE/plugins/com.st.stm32cube.ide.mcu.externaltools.gnu-tools-for-stm32.11.3.rel1.win32_1.1.1.202309131626/tools/bin/../lib/gcc/arm-none-eabi/11.3.1/thumb/v7-m/nofp/crtn.o
                0x0000000008002be0                . = ALIGN (0x4)
                0x0000000008002be0                _etext = .

.vfp11_veneer   0x0000000008002be0        0x0
 .vfp11_veneer  0x0000000008002be0        0x0 linker stubs

.v4_bx          0x0000000008002be0        0x0
 .v4_bx         0x0000000008002be0        0x0 linker stubs

.iplt           0x0000000008002be0        0x0
 .iplt          0x0000000008002be0        0x0 C:/ST/STM32CubeIDE_1.11.0/STM32CubeIDE/plugins/com.st.stm32cube.ide.mcu.externaltools.gnu-tools-for-stm32.11.3.rel1.win32_1.1.1.202309131626/tools/bin/../lib/gcc/arm-none-eabi/11.3.1/thumb/v7-m/nofp/crtbegin.o

.rodata         0x0000000008002be0       0x18
                0x0000000008002be0                . = ALIGN (0x4)
 *(.rodata)
 *(.rodata*)
 .rodata.AHBPrescTable
                0x0000000008002be0       0x10 ./Core/Src/system_stm32f1xx.o
                0x0000000008002be0                AHBPrescTable
 .rodata.APBPrescTable
                0x0000000008002bf0        0x8 ./Core/Src/system_stm32f1xx.o
                0x0000000008002bf0                APBPrescTable
                0x0000000008002bf8                . = ALIGN (0x4)

.rel.dyn        0x0000000008002bf8        0x0
 .rel.iplt      0x0000000008002bf8        0x0 C:/ST/STM32CubeIDE_1.11.0/STM32CubeIDE/plugins/com.st.stm32cube.ide.mcu.externaltools.gnu-tools-for-stm32.11.3.rel1.win32_1.1.1.202309131626/tools/bin/../lib/gcc/arm-none-eabi/11.3.1/thumb/v7-m/nofp/crtbegin.o

.ARM.extab      0x0000000008002bf8        0x0
                0x0000000008002bf8                . = ALIGN (0x4)
 *(.ARM.extab* .gnu.linkonce.armextab.*)
                0x0000000008002bf8                . = ALIGN (0x4)

.ARM            0x0000000008002bf8        0x0
                0x0000000008002bf8                . = ALIGN (0x4)
                0x0000000008002bf8                __exidx_start = .
 *(.ARM.exidx*)
                0x0000000008002bf8                __exidx_end = .
                0x0000000008002bf8                . = ALIGN (0x4)

.preinit_array  0x0000000008002bf8        0x0
                0x0000000008002bf8                . = ALIGN (0x4)
                0x0000000008002bf8                PROVIDE (__preinit_array_start = .)
 *(.preinit_array*)
                0x0000000008002bf8                PROVIDE (__preinit_array_end = .)
                0x0000000008002bf8                . = ALIGN (0x4)

.init_array     0x0000000008002bf8        0x4
                0x0000000008002bf8                . = ALIGN (0x4)
                0x0000000008002bf8                PROVIDE (__init_array_start = .)
 *(SORT_BY_NAME(.init_array.*))
 *(.init_array*)
 .init_array    0x0000000008002bf8        0x4 C:/ST/STM32CubeIDE_1.11.0/STM32CubeIDE/plugins/com.st.stm32cube.ide.mcu.externaltools.gnu-tools-for-stm32.11.3.rel1.win32_1.1.1.202309131626/tools/bin/../lib/gcc/arm-none-eabi/11.3.1/thumb/v7-m/nofp/crtbegin.o
                0x0000000008002bfc                PROVIDE (__init_array_end = .)
                0x0000000008002bfc                . = ALIGN (0x4)

.fini_array     0x0000000008002bfc        0x4
                0x0000000008002bfc                . = ALIGN (0x4)
                [!provide]                        PROVIDE (__fini_array_start = .)
 *(SORT_BY_NAME(.fini_array.*))
 *(.fini_array*)
 .fini_array    0x0000000008002bfc        0x4 C:/ST/STM32CubeIDE_1.11.0/STM32CubeIDE/plugins/com.st.stm32cube.ide.mcu.externaltools.gnu-tools-for-stm32.11.3.rel1.win32_1.1.1.202309131626/tools/bin/../lib/gcc/arm-none-eabi/11.3.1/thumb/v7-m/nofp/crtbegin.o
                [!provide]                        PROVIDE (__fini_array_end = .)
                0x0000000008002c00                . = ALIGN (0x4)
                0x0000000008002c00                _sidata = LOADADDR (.data)

.data           0x0000000020000000       0x10 load address 0x0000000008002c00
                0x0000000020000000                . = ALIGN (0x4)
                0x0000000020000000                _sdata = .
 *(.data)
 *(.data*)
 .data.huart1   0x0000000020000000        0x4 ./Core/Src/main.o
                0x0000000020000000                huart1
 .data.SystemCoreClock
                0x0000000020000004        0x4 ./Core/Src/system_stm32f1xx.o
                0x0000000020000004                SystemCoreClock
 .data.uwTickPrio
                0x0000000020000008        0x4 ./Drivers/STM32F1xx_HAL_Driver/Src/stm32f1xx_hal.o
                0x0000000020000008                uwTickPrio
 .data.uwTickFreq
                0x000000002000000c        0x1 ./Drivers/STM32F1xx_HAL_Driver/Src/stm32f1xx_hal.o
                0x000000002000000c                uwTickFreq
 *(.RamFunc)
 *(.RamFunc*)
                0x0000000020000010                . = ALIGN (0x4)
 *fill*         0x000000002000000d        0x3 
                0x0000000020000010                _edata = .

.igot.plt       0x0000000020000010        0x0 load address 0x0000000008002c10
 .igot.plt      0x0000000020000010        0x0 C:/ST/STM32CubeIDE_1.11.0/STM32CubeIDE/plugins/com.st.stm32cube.ide.mcu.externaltools.gnu-tools-for-stm32.11.3.rel1.win32_1.1.1.202309131626/tools/bin/../lib/gcc/arm-none-eabi/11.3.1/thumb/v7-m/nofp/crtbegin.o
                0x0000000020000010                . = ALIGN (0x4)

.bss            0x0000000020000010       0x80 load address 0x0000000008002c10
                0x0000000020000010                _sbss = .
                0x0000000020000010                __bss_start__ = _sbss
 *(.bss)
 .bss           0x0000000020000010       0x1c C:/ST/STM32CubeIDE_1.11.0/STM32CubeIDE/plugins/com.st.stm32cube.ide.mcu.externaltools.gnu-tools-for-stm32.11.3.rel1.win32_1.1.1.202309131626/tools/bin/../lib/gcc/arm-none-eabi/11.3.1/thumb/v7-m/nofp/crtbegin.o
 *(.bss*)
 .bss.adc_value
                0x000000002000002c        0x2 ./Core/Src/main.o
                0x000000002000002c                adc_value
 .bss.adc0      0x000000002000002e        0x2 ./Core/Src/main.o
                0x000000002000002e                adc0
 .bss.ldr       0x0000000020000030        0x4 ./Core/Src/main.o
                0x0000000020000030                ldr
 .bss.soil      0x0000000020000034        0x4 ./Core/Src/main.o
                0x0000000020000034                soil
 .bss.hadc2     0x0000000020000038       0x4c ./Core/Src/main.o
                0x0000000020000038                hadc2
 .bss.P.1       0x0000000020000084        0x4 ./Core/Src/main.o
 .bss.x_hat.0   0x0000000020000088        0x4 ./Core/Src/main.o
 .bss.uwTick    0x000000002000008c        0x4 ./Drivers/STM32F1xx_HAL_Driver/Src/stm32f1xx_hal.o
                0x000000002000008c                uwTick
 *(COMMON)
                0x0000000020000090                . = ALIGN (0x4)
                0x0000000020000090                _ebss = .
                0x0000000020000090                __bss_end__ = _ebss

._user_heap_stack
                0x0000000020000090      0x600 load address 0x0000000008002c10
                0x0000000020000090                . = ALIGN (0x8)
                [!provide]                        PROVIDE (end = .)
                0x0000000020000090                PROVIDE (_end = .)
                0x0000000020000290                . = (. + _Min_Heap_Size)
 *fill*         0x0000000020000090      0x200 
                0x0000000020000690                . = (. + _Min_Stack_Size)
 *fill*         0x0000000020000290      0x400 
                0x0000000020000690                . = ALIGN (0x8)

/DISCARD/
 libc.a(*)
 libm.a(*)
 libgcc.a(*)

.ARM.attributes
                0x0000000000000000       0x29
 *(.ARM.attributes)
 .ARM.attributes
                0x0000000000000000       0x1d C:/ST/STM32CubeIDE_1.11.0/STM32CubeIDE/plugins/com.st.stm32cube.ide.mcu.externaltools.gnu-tools-for-stm32.11.3.rel1.win32_1.1.1.202309131626/tools/bin/../lib/gcc/arm-none-eabi/11.3.1/thumb/v7-m/nofp/crti.o
 .ARM.attributes
                0x000000000000001d       0x2d C:/ST/STM32CubeIDE_1.11.0/STM32CubeIDE/plugins/com.st.stm32cube.ide.mcu.externaltools.gnu-tools-for-stm32.11.3.rel1.win32_1.1.1.202309131626/tools/bin/../lib/gcc/arm-none-eabi/11.3.1/thumb/v7-m/nofp/crtbegin.o
 .ARM.attributes
                0x000000000000004a       0x2d ./Core/Src/main.o
 .ARM.attributes
                0x0000000000000077       0x2d ./Core/Src/stm32f1xx_hal_msp.o
 .ARM.attributes
                0x00000000000000a4       0x2d ./Core/Src/stm32f1xx_it.o
 .ARM.attributes
                0x00000000000000d1       0x2d ./Core/Src/system_stm32f1xx.o
 .ARM.attributes
                0x00000000000000fe       0x21 ./Core/Startup/startup_stm32f103c8tx.o
 .ARM.attributes
                0x000000000000011f       0x2d ./Drivers/STM32F1xx_HAL_Driver/Src/stm32f1xx_hal.o
 .ARM.attributes
                0x000000000000014c       0x2d ./Drivers/STM32F1xx_HAL_Driver/Src/stm32f1xx_hal_adc.o
 .ARM.attributes
                0x0000000000000179       0x2d ./Drivers/STM32F1xx_HAL_Driver/Src/stm32f1xx_hal_adc_ex.o
 .ARM.attributes
                0x00000000000001a6       0x2d ./Drivers/STM32F1xx_HAL_Driver/Src/stm32f1xx_hal_cortex.o
 .ARM.attributes
                0x00000000000001d3       0x2d ./Drivers/STM32F1xx_HAL_Driver/Src/stm32f1xx_hal_gpio.o
 .ARM.attributes
                0x0000000000000200       0x2d ./Drivers/STM32F1xx_HAL_Driver/Src/stm32f1xx_ll_adc.o
 .ARM.attributes
                0x000000000000022d       0x2d ./Drivers/STM32F1xx_HAL_Driver/Src/stm32f1xx_ll_gpio.o
 .ARM.attributes
                0x000000000000025a       0x2d ./Drivers/STM32F1xx_HAL_Driver/Src/stm32f1xx_ll_i2c.o
 .ARM.attributes
                0x0000000000000287       0x2d ./Drivers/STM32F1xx_HAL_Driver/Src/stm32f1xx_ll_rcc.o
 .ARM.attributes
                0x00000000000002b4       0x2d ./Drivers/STM32F1xx_HAL_Driver/Src/stm32f1xx_ll_usart.o
 .ARM.attributes
                0x00000000000002e1       0x2d ./Drivers/STM32F1xx_HAL_Driver/Src/stm32f1xx_ll_utils.o
 .ARM.attributes
                0x000000000000030e       0x2d C:/ST/STM32CubeIDE_1.11.0/STM32CubeIDE/plugins/com.st.stm32cube.ide.mcu.externaltools.gnu-tools-for-stm32.11.3.rel1.win32_1.1.1.202309131626/tools/bin/../lib/gcc/arm-none-eabi/11.3.1/../../../../arm-none-eabi/lib/thumb/v7-m/nofp\libc_nano.a(libc_a-init.o)
 .ARM.attributes
                0x000000000000033b       0x1d C:/ST/STM32CubeIDE_1.11.0/STM32CubeIDE/plugins/com.st.stm32cube.ide.mcu.externaltools.gnu-tools-for-stm32.11.3.rel1.win32_1.1.1.202309131626/tools/bin/../lib/gcc/arm-none-eabi/11.3.1/thumb/v7-m/nofp\libgcc.a(_arm_addsubsf3.o)
 .ARM.attributes
                0x0000000000000358       0x1d C:/ST/STM32CubeIDE_1.11.0/STM32CubeIDE/plugins/com.st.stm32cube.ide.mcu.externaltools.gnu-tools-for-stm32.11.3.rel1.win32_1.1.1.202309131626/tools/bin/../lib/gcc/arm-none-eabi/11.3.1/thumb/v7-m/nofp\libgcc.a(_arm_muldivsf3.o)
 .ARM.attributes
                0x0000000000000375       0x1d C:/ST/STM32CubeIDE_1.11.0/STM32CubeIDE/plugins/com.st.stm32cube.ide.mcu.externaltools.gnu-tools-for-stm32.11.3.rel1.win32_1.1.1.202309131626/tools/bin/../lib/gcc/arm-none-eabi/11.3.1/thumb/v7-m/nofp\libgcc.a(_arm_cmpsf2.o)
 .ARM.attributes
                0x0000000000000392       0x1d C:/ST/STM32CubeIDE_1.11.0/STM32CubeIDE/plugins/com.st.stm32cube.ide.mcu.externaltools.gnu-tools-for-stm32.11.3.rel1.win32_1.1.1.202309131626/tools/bin/../lib/gcc/arm-none-eabi/11.3.1/thumb/v7-m/nofp/crtn.o
OUTPUT(btl.elf elf32-littlearm)
LOAD linker stubs
LOAD C:/ST/STM32CubeIDE_1.11.0/STM32CubeIDE/plugins/com.st.stm32cube.ide.mcu.externaltools.gnu-tools-for-stm32.11.3.rel1.win32_1.1.1.202309131626/tools/bin/../lib/gcc/arm-none-eabi/11.3.1/../../../../arm-none-eabi/lib/thumb/v7-m/nofp\libc.a
LOAD C:/ST/STM32CubeIDE_1.11.0/STM32CubeIDE/plugins/com.st.stm32cube.ide.mcu.externaltools.gnu-tools-for-stm32.11.3.rel1.win32_1.1.1.202309131626/tools/bin/../lib/gcc/arm-none-eabi/11.3.1/../../../../arm-none-eabi/lib/thumb/v7-m/nofp\libm.a
LOAD C:/ST/STM32CubeIDE_1.11.0/STM32CubeIDE/plugins/com.st.stm32cube.ide.mcu.externaltools.gnu-tools-for-stm32.11.3.rel1.win32_1.1.1.202309131626/tools/bin/../lib/gcc/arm-none-eabi/11.3.1/thumb/v7-m/nofp\libgcc.a

.comment        0x0000000000000000       0x43
 .comment       0x0000000000000000       0x43 C:/ST/STM32CubeIDE_1.11.0/STM32CubeIDE/plugins/com.st.stm32cube.ide.mcu.externaltools.gnu-tools-for-stm32.11.3.rel1.win32_1.1.1.202309131626/tools/bin/../lib/gcc/arm-none-eabi/11.3.1/thumb/v7-m/nofp/crtbegin.o
                                         0x44 (size before relaxing)
 .comment       0x0000000000000043       0x44 ./Core/Src/main.o
 .comment       0x0000000000000043       0x44 ./Core/Src/stm32f1xx_hal_msp.o
 .comment       0x0000000000000043       0x44 ./Core/Src/stm32f1xx_it.o
 .comment       0x0000000000000043       0x44 ./Core/Src/system_stm32f1xx.o
 .comment       0x0000000000000043       0x44 ./Drivers/STM32F1xx_HAL_Driver/Src/stm32f1xx_hal.o
 .comment       0x0000000000000043       0x44 ./Drivers/STM32F1xx_HAL_Driver/Src/stm32f1xx_hal_adc.o
 .comment       0x0000000000000043       0x44 ./Drivers/STM32F1xx_HAL_Driver/Src/stm32f1xx_hal_adc_ex.o
 .comment       0x0000000000000043       0x44 ./Drivers/STM32F1xx_HAL_Driver/Src/stm32f1xx_hal_cortex.o
 .comment       0x0000000000000043       0x44 ./Drivers/STM32F1xx_HAL_Driver/Src/stm32f1xx_hal_gpio.o
 .comment       0x0000000000000043       0x44 ./Drivers/STM32F1xx_HAL_Driver/Src/stm32f1xx_ll_adc.o
 .comment       0x0000000000000043       0x44 ./Drivers/STM32F1xx_HAL_Driver/Src/stm32f1xx_ll_gpio.o
 .comment       0x0000000000000043       0x44 ./Drivers/STM32F1xx_HAL_Driver/Src/stm32f1xx_ll_i2c.o
 .comment       0x0000000000000043       0x44 ./Drivers/STM32F1xx_HAL_Driver/Src/stm32f1xx_ll_rcc.o
 .comment       0x0000000000000043       0x44 ./Drivers/STM32F1xx_HAL_Driver/Src/stm32f1xx_ll_usart.o
 .comment       0x0000000000000043       0x44 ./Drivers/STM32F1xx_HAL_Driver/Src/stm32f1xx_ll_utils.o

.debug_info     0x0000000000000000     0x8251
 .debug_info    0x0000000000000000     0x1b80 ./Core/Src/main.o
 .debug_info    0x0000000000001b80      0x9e9 ./Core/Src/stm32f1xx_hal_msp.o
 .debug_info    0x0000000000002569      0x633 ./Core/Src/stm32f1xx_it.o
 .debug_info    0x0000000000002b9c      0x222 ./Core/Src/system_stm32f1xx.o
 .debug_info    0x0000000000002dbe       0x23 ./Core/Startup/startup_stm32f103c8tx.o
 .debug_info    0x0000000000002de1      0x704 ./Drivers/STM32F1xx_HAL_Driver/Src/stm32f1xx_hal.o
 .debug_info    0x00000000000034e5      0xdbd ./Drivers/STM32F1xx_HAL_Driver/Src/stm32f1xx_hal_adc.o
 .debug_info    0x00000000000042a2      0xa83 ./Drivers/STM32F1xx_HAL_Driver/Src/stm32f1xx_hal_adc_ex.o
 .debug_info    0x0000000000004d25      0xa87 ./Drivers/STM32F1xx_HAL_Driver/Src/stm32f1xx_hal_cortex.o
 .debug_info    0x00000000000057ac      0x5ab ./Drivers/STM32F1xx_HAL_Driver/Src/stm32f1xx_hal_gpio.o
 .debug_info    0x0000000000005d57      0x76e ./Drivers/STM32F1xx_HAL_Driver/Src/stm32f1xx_ll_adc.o
 .debug_info    0x00000000000064c5      0x5a1 ./Drivers/STM32F1xx_HAL_Driver/Src/stm32f1xx_ll_gpio.o
 .debug_info    0x0000000000006a66      0x4e8 ./Drivers/STM32F1xx_HAL_Driver/Src/stm32f1xx_ll_i2c.o
 .debug_info    0x0000000000006f4e      0x552 ./Drivers/STM32F1xx_HAL_Driver/Src/stm32f1xx_ll_rcc.o
 .debug_info    0x00000000000074a0      0x5c9 ./Drivers/STM32F1xx_HAL_Driver/Src/stm32f1xx_ll_usart.o
 .debug_info    0x0000000000007a69      0x7e8 ./Drivers/STM32F1xx_HAL_Driver/Src/stm32f1xx_ll_utils.o

.debug_abbrev   0x0000000000000000     0x1fbc
 .debug_abbrev  0x0000000000000000      0x3f1 ./Core/Src/main.o
 .debug_abbrev  0x00000000000003f1      0x1c9 ./Core/Src/stm32f1xx_hal_msp.o
 .debug_abbrev  0x00000000000005ba      0x1ac ./Core/Src/stm32f1xx_it.o
 .debug_abbrev  0x0000000000000766      0x13f ./Core/Src/system_stm32f1xx.o
 .debug_abbrev  0x00000000000008a5       0x12 ./Core/Startup/startup_stm32f103c8tx.o
 .debug_abbrev  0x00000000000008b7      0x201 ./Drivers/STM32F1xx_HAL_Driver/Src/stm32f1xx_hal.o
 .debug_abbrev  0x0000000000000ab8      0x225 ./Drivers/STM32F1xx_HAL_Driver/Src/stm32f1xx_hal_adc.o
 .debug_abbrev  0x0000000000000cdd      0x249 ./Drivers/STM32F1xx_HAL_Driver/Src/stm32f1xx_hal_adc_ex.o
 .debug_abbrev  0x0000000000000f26      0x2f8 ./Drivers/STM32F1xx_HAL_Driver/Src/stm32f1xx_hal_cortex.o
 .debug_abbrev  0x000000000000121e      0x1ca ./Drivers/STM32F1xx_HAL_Driver/Src/stm32f1xx_hal_gpio.o
 .debug_abbrev  0x00000000000013e8      0x19e ./Drivers/STM32F1xx_HAL_Driver/Src/stm32f1xx_ll_adc.o
 .debug_abbrev  0x0000000000001586      0x20d ./Drivers/STM32F1xx_HAL_Driver/Src/stm32f1xx_ll_gpio.o
 .debug_abbrev  0x0000000000001793      0x1a1 ./Drivers/STM32F1xx_HAL_Driver/Src/stm32f1xx_ll_i2c.o
 .debug_abbrev  0x0000000000001934      0x273 ./Drivers/STM32F1xx_HAL_Driver/Src/stm32f1xx_ll_rcc.o
 .debug_abbrev  0x0000000000001ba7      0x1c7 ./Drivers/STM32F1xx_HAL_Driver/Src/stm32f1xx_ll_usart.o
 .debug_abbrev  0x0000000000001d6e      0x24e ./Drivers/STM32F1xx_HAL_Driver/Src/stm32f1xx_ll_utils.o

.debug_aranges  0x0000000000000000      0x9f8
 .debug_aranges
                0x0000000000000000      0x188 ./Core/Src/main.o
 .debug_aranges
                0x0000000000000188       0x30 ./Core/Src/stm32f1xx_hal_msp.o
 .debug_aranges
                0x00000000000001b8       0x68 ./Core/Src/stm32f1xx_it.o
 .debug_aranges
                0x0000000000000220       0x28 ./Core/Src/system_stm32f1xx.o
 .debug_aranges
                0x0000000000000248       0x28 ./Core/Startup/startup_stm32f103c8tx.o
 .debug_aranges
                0x0000000000000270       0xe0 ./Drivers/STM32F1xx_HAL_Driver/Src/stm32f1xx_hal.o
 .debug_aranges
                0x0000000000000350      0x100 ./Drivers/STM32F1xx_HAL_Driver/Src/stm32f1xx_hal_adc.o
 .debug_aranges
                0x0000000000000450       0x80 ./Drivers/STM32F1xx_HAL_Driver/Src/stm32f1xx_hal_adc_ex.o
 .debug_aranges
                0x00000000000004d0      0x100 ./Drivers/STM32F1xx_HAL_Driver/Src/stm32f1xx_hal_cortex.o
 .debug_aranges
                0x00000000000005d0       0x58 ./Drivers/STM32F1xx_HAL_Driver/Src/stm32f1xx_hal_gpio.o
 .debug_aranges
                0x0000000000000628       0xa8 ./Drivers/STM32F1xx_HAL_Driver/Src/stm32f1xx_ll_adc.o
 .debug_aranges
                0x00000000000006d0       0x60 ./Drivers/STM32F1xx_HAL_Driver/Src/stm32f1xx_ll_gpio.o
 .debug_aranges
                0x0000000000000730       0x70 ./Drivers/STM32F1xx_HAL_Driver/Src/stm32f1xx_ll_i2c.o
 .debug_aranges
                0x00000000000007a0       0xd8 ./Drivers/STM32F1xx_HAL_Driver/Src/stm32f1xx_ll_rcc.o
 .debug_aranges
                0x0000000000000878       0x88 ./Drivers/STM32F1xx_HAL_Driver/Src/stm32f1xx_ll_usart.o
 .debug_aranges
                0x0000000000000900       0xf8 ./Drivers/STM32F1xx_HAL_Driver/Src/stm32f1xx_ll_utils.o

.debug_rnglists
                0x0000000000000000      0x756
 .debug_rnglists
                0x0000000000000000      0x127 ./Core/Src/main.o
 .debug_rnglists
                0x0000000000000127       0x20 ./Core/Src/stm32f1xx_hal_msp.o
 .debug_rnglists
                0x0000000000000147       0x49 ./Core/Src/stm32f1xx_it.o
 .debug_rnglists
                0x0000000000000190       0x1a ./Core/Src/system_stm32f1xx.o
 .debug_rnglists
                0x00000000000001aa       0x19 ./Core/Startup/startup_stm32f103c8tx.o
 .debug_rnglists
                0x00000000000001c3       0xa3 ./Drivers/STM32F1xx_HAL_Driver/Src/stm32f1xx_hal.o
 .debug_rnglists
                0x0000000000000266       0xca ./Drivers/STM32F1xx_HAL_Driver/Src/stm32f1xx_hal_adc.o
 .debug_rnglists
                0x0000000000000330       0x65 ./Drivers/STM32F1xx_HAL_Driver/Src/stm32f1xx_hal_adc_ex.o
 .debug_rnglists
                0x0000000000000395       0xbb ./Drivers/STM32F1xx_HAL_Driver/Src/stm32f1xx_hal_cortex.o
 .debug_rnglists
                0x0000000000000450       0x3f ./Drivers/STM32F1xx_HAL_Driver/Src/stm32f1xx_hal_gpio.o
 .debug_rnglists
                0x000000000000048f       0x7b ./Drivers/STM32F1xx_HAL_Driver/Src/stm32f1xx_ll_adc.o
 .debug_rnglists
                0x000000000000050a       0x45 ./Drivers/STM32F1xx_HAL_Driver/Src/stm32f1xx_ll_gpio.o
 .debug_rnglists
                0x000000000000054f       0x50 ./Drivers/STM32F1xx_HAL_Driver/Src/stm32f1xx_ll_i2c.o
 .debug_rnglists
                0x000000000000059f       0x9d ./Drivers/STM32F1xx_HAL_Driver/Src/stm32f1xx_ll_rcc.o
 .debug_rnglists
                0x000000000000063c       0x63 ./Drivers/STM32F1xx_HAL_Driver/Src/stm32f1xx_ll_usart.o
 .debug_rnglists
                0x000000000000069f       0xb7 ./Drivers/STM32F1xx_HAL_Driver/Src/stm32f1xx_ll_utils.o

.debug_macro    0x0000000000000000    0x1a131
 .debug_macro   0x0000000000000000      0x31d ./Core/Src/main.o
 .debug_macro   0x000000000000031d      0xaa2 ./Core/Src/main.o
 .debug_macro   0x0000000000000dbf      0x20f ./Core/Src/main.o
 .debug_macro   0x0000000000000fce       0x2e ./Core/Src/main.o
 .debug_macro   0x0000000000000ffc       0x22 ./Core/Src/main.o
 .debug_macro   0x000000000000101e       0x22 ./Core/Src/main.o
 .debug_macro   0x0000000000001040       0x8e ./Core/Src/main.o
 .debug_macro   0x00000000000010ce       0x51 ./Core/Src/main.o
 .debug_macro   0x000000000000111f      0x103 ./Core/Src/main.o
 .debug_macro   0x0000000000001222       0x6a ./Core/Src/main.o
 .debug_macro   0x000000000000128c      0x1df ./Core/Src/main.o
 .debug_macro   0x000000000000146b       0x1c ./Core/Src/main.o
 .debug_macro   0x0000000000001487       0x22 ./Core/Src/main.o
 .debug_macro   0x00000000000014a9       0xbd ./Core/Src/main.o
 .debug_macro   0x0000000000001566      0xd23 ./Core/Src/main.o
 .debug_macro   0x0000000000002289     0xe09e ./Core/Src/main.o
 .debug_macro   0x0000000000010327       0x6d ./Core/Src/main.o
 .debug_macro   0x0000000000010394     0x348d ./Core/Src/main.o
 .debug_macro   0x0000000000013821      0x174 ./Core/Src/main.o
 .debug_macro   0x0000000000013995       0x5c ./Core/Src/main.o
 .debug_macro   0x00000000000139f1      0x5bc ./Core/Src/main.o
 .debug_macro   0x0000000000013fad      0x289 ./Core/Src/main.o
 .debug_macro   0x0000000000014236      0x1cb ./Core/Src/main.o
 .debug_macro   0x0000000000014401      0x114 ./Core/Src/main.o
 .debug_macro   0x0000000000014515      0x1b2 ./Core/Src/main.o
 .debug_macro   0x00000000000146c7       0x27 ./Core/Src/main.o
 .debug_macro   0x00000000000146ee      0x136 ./Core/Src/main.o
 .debug_macro   0x0000000000014824      0x1bc ./Core/Src/main.o
 .debug_macro   0x00000000000149e0       0x34 ./Core/Src/main.o
 .debug_macro   0x0000000000014a14       0x3c ./Core/Src/main.o
 .debug_macro   0x0000000000014a50       0x57 ./Core/Src/main.o
 .debug_macro   0x0000000000014aa7      0x471 ./Core/Src/main.o
 .debug_macro   0x0000000000014f18      0x1b5 ./Core/Src/main.o
 .debug_macro   0x00000000000150cd       0x87 ./Core/Src/main.o
 .debug_macro   0x0000000000015154      0x240 ./Core/Src/main.o
 .debug_macro   0x0000000000015394      0x140 ./Core/Src/main.o
 .debug_macro   0x00000000000154d4       0x83 ./Core/Src/main.o
 .debug_macro   0x0000000000015557      0x8a0 ./Core/Src/main.o
 .debug_macro   0x0000000000015df7      0x163 ./Core/Src/main.o
 .debug_macro   0x0000000000015f5a      0x2be ./Core/Src/main.o
 .debug_macro   0x0000000000016218       0xd7 ./Core/Src/main.o
 .debug_macro   0x00000000000162ef       0x74 ./Core/Src/main.o
 .debug_macro   0x0000000000016363       0xd0 ./Core/Src/main.o
 .debug_macro   0x0000000000016433       0x28 ./Core/Src/main.o
 .debug_macro   0x000000000001645b       0x2a ./Core/Src/main.o
 .debug_macro   0x0000000000016485       0x90 ./Core/Src/main.o
 .debug_macro   0x0000000000016515      0x287 ./Core/Src/main.o
 .debug_macro   0x000000000001679c      0x1b4 ./Core/Src/main.o
 .debug_macro   0x0000000000016950      0x229 ./Core/Src/main.o
 .debug_macro   0x0000000000016b79       0x61 ./Core/Src/main.o
 .debug_macro   0x0000000000016bda       0x24 ./Core/Src/main.o
 .debug_macro   0x0000000000016bfe       0x43 ./Core/Src/main.o
 .debug_macro   0x0000000000016c41       0x34 ./Core/Src/main.o
 .debug_macro   0x0000000000016c75       0x16 ./Core/Src/main.o
 .debug_macro   0x0000000000016c8b       0x43 ./Core/Src/main.o
 .debug_macro   0x0000000000016cce       0x34 ./Core/Src/main.o
 .debug_macro   0x0000000000016d02       0x10 ./Core/Src/main.o
 .debug_macro   0x0000000000016d12       0x58 ./Core/Src/main.o
 .debug_macro   0x0000000000016d6a       0x8e ./Core/Src/main.o
 .debug_macro   0x0000000000016df8       0x1c ./Core/Src/main.o
 .debug_macro   0x0000000000016e14      0x177 ./Core/Src/main.o
 .debug_macro   0x0000000000016f8b      0x369 ./Core/Src/main.o
 .debug_macro   0x00000000000172f4      0x19b ./Core/Src/main.o
 .debug_macro   0x000000000001748f       0x16 ./Core/Src/main.o
 .debug_macro   0x00000000000174a5       0x35 ./Core/Src/main.o
 .debug_macro   0x00000000000174da       0x20 ./Core/Src/main.o
 .debug_macro   0x00000000000174fa       0x1c ./Core/Src/main.o
 .debug_macro   0x0000000000017516       0x10 ./Core/Src/main.o
 .debug_macro   0x0000000000017526       0x1c ./Core/Src/main.o
 .debug_macro   0x0000000000017542       0x16 ./Core/Src/main.o
 .debug_macro   0x0000000000017558      0x147 ./Core/Src/main.o
 .debug_macro   0x000000000001769f      0x20e ./Core/Src/stm32f1xx_hal_msp.o
 .debug_macro   0x00000000000178ad      0x218 ./Core/Src/stm32f1xx_it.o
 .debug_macro   0x0000000000017ac5      0x198 ./Core/Src/system_stm32f1xx.o
 .debug_macro   0x0000000000017c5d      0x1bc ./Drivers/STM32F1xx_HAL_Driver/Src/stm32f1xx_hal.o
 .debug_macro   0x0000000000017e19      0x1b5 ./Drivers/STM32F1xx_HAL_Driver/Src/stm32f1xx_hal_adc.o
 .debug_macro   0x0000000000017fce      0x1aa ./Drivers/STM32F1xx_HAL_Driver/Src/stm32f1xx_hal_adc_ex.o
 .debug_macro   0x0000000000018178      0x198 ./Drivers/STM32F1xx_HAL_Driver/Src/stm32f1xx_hal_cortex.o
 .debug_macro   0x0000000000018310      0x203 ./Drivers/STM32F1xx_HAL_Driver/Src/stm32f1xx_hal_gpio.o
 .debug_macro   0x0000000000018513      0x212 ./Drivers/STM32F1xx_HAL_Driver/Src/stm32f1xx_ll_adc.o
 .debug_macro   0x0000000000018725      0x89a ./Drivers/STM32F1xx_HAL_Driver/Src/stm32f1xx_ll_adc.o
 .debug_macro   0x0000000000018fbf      0x1d4 ./Drivers/STM32F1xx_HAL_Driver/Src/stm32f1xx_ll_gpio.o
 .debug_macro   0x0000000000019193      0x223 ./Drivers/STM32F1xx_HAL_Driver/Src/stm32f1xx_ll_gpio.o
 .debug_macro   0x00000000000193b6      0x1e3 ./Drivers/STM32F1xx_HAL_Driver/Src/stm32f1xx_ll_i2c.o
 .debug_macro   0x0000000000019599      0x15d ./Drivers/STM32F1xx_HAL_Driver/Src/stm32f1xx_ll_i2c.o
 .debug_macro   0x00000000000196f6      0x1b9 ./Drivers/STM32F1xx_HAL_Driver/Src/stm32f1xx_ll_rcc.o
 .debug_macro   0x00000000000198af      0x2b8 ./Drivers/STM32F1xx_HAL_Driver/Src/stm32f1xx_ll_rcc.o
 .debug_macro   0x0000000000019b67      0x207 ./Drivers/STM32F1xx_HAL_Driver/Src/stm32f1xx_ll_usart.o
 .debug_macro   0x0000000000019d6e      0x1ae ./Drivers/STM32F1xx_HAL_Driver/Src/stm32f1xx_ll_usart.o
 .debug_macro   0x0000000000019f1c      0x215 ./Drivers/STM32F1xx_HAL_Driver/Src/stm32f1xx_ll_utils.o

.debug_line     0x0000000000000000     0xa24b
 .debug_line    0x0000000000000000     0x112d ./Core/Src/main.o
 .debug_line    0x000000000000112d      0x843 ./Core/Src/stm32f1xx_hal_msp.o
 .debug_line    0x0000000000001970      0x8d3 ./Core/Src/stm32f1xx_it.o
 .debug_line    0x0000000000002243      0x763 ./Core/Src/system_stm32f1xx.o
 .debug_line    0x00000000000029a6       0x78 ./Core/Startup/startup_stm32f103c8tx.o
 .debug_line    0x0000000000002a1e      0x990 ./Drivers/STM32F1xx_HAL_Driver/Src/stm32f1xx_hal.o
 .debug_line    0x00000000000033ae     0x1143 ./Drivers/STM32F1xx_HAL_Driver/Src/stm32f1xx_hal_adc.o
 .debug_line    0x00000000000044f1      0xd47 ./Drivers/STM32F1xx_HAL_Driver/Src/stm32f1xx_hal_adc_ex.o
 .debug_line    0x0000000000005238      0xb78 ./Drivers/STM32F1xx_HAL_Driver/Src/stm32f1xx_hal_cortex.o
 .debug_line    0x0000000000005db0      0xa29 ./Drivers/STM32F1xx_HAL_Driver/Src/stm32f1xx_hal_gpio.o
 .debug_line    0x00000000000067d9      0x978 ./Drivers/STM32F1xx_HAL_Driver/Src/stm32f1xx_ll_adc.o
 .debug_line    0x0000000000007151      0x947 ./Drivers/STM32F1xx_HAL_Driver/Src/stm32f1xx_ll_gpio.o
 .debug_line    0x0000000000007a98      0x8e6 ./Drivers/STM32F1xx_HAL_Driver/Src/stm32f1xx_ll_i2c.o
 .debug_line    0x000000000000837e      0xa59 ./Drivers/STM32F1xx_HAL_Driver/Src/stm32f1xx_ll_rcc.o
 .debug_line    0x0000000000008dd7      0x919 ./Drivers/STM32F1xx_HAL_Driver/Src/stm32f1xx_ll_usart.o
 .debug_line    0x00000000000096f0      0xb5b ./Drivers/STM32F1xx_HAL_Driver/Src/stm32f1xx_ll_utils.o

.debug_str      0x0000000000000000    0x93e01
 .debug_str     0x0000000000000000    0x8f920 ./Core/Src/main.o
                                      0x90063 (size before relaxing)
 .debug_str     0x000000000008f920       0x99 ./Core/Src/stm32f1xx_hal_msp.o
                                      0x8b7d0 (size before relaxing)
 .debug_str     0x000000000008f9b9       0xdc ./Core/Src/stm32f1xx_it.o
                                      0x8b481 (size before relaxing)
 .debug_str     0x000000000008fa95       0x6e ./Core/Src/system_stm32f1xx.o
                                      0x7f6fb (size before relaxing)
 .debug_str     0x000000000008fb03       0x34 ./Core/Startup/startup_stm32f103c8tx.o
                                         0x58 (size before relaxing)
 .debug_str     0x000000000008fb37      0x366 ./Drivers/STM32F1xx_HAL_Driver/Src/stm32f1xx_hal.o
                                      0x7fe2e (size before relaxing)
 .debug_str     0x000000000008fe9d      0x4c1 ./Drivers/STM32F1xx_HAL_Driver/Src/stm32f1xx_hal_adc.o
                                      0x7ffb2 (size before relaxing)
 .debug_str     0x000000000009035e      0x2d8 ./Drivers/STM32F1xx_HAL_Driver/Src/stm32f1xx_hal_adc_ex.o
                                      0x7fe37 (size before relaxing)
 .debug_str     0x0000000000090636      0x19b ./Drivers/STM32F1xx_HAL_Driver/Src/stm32f1xx_hal_cortex.o
                                      0x7fd7a (size before relaxing)
 .debug_str     0x00000000000907d1      0x31c ./Drivers/STM32F1xx_HAL_Driver/Src/stm32f1xx_hal_gpio.o
                                      0x7fa81 (size before relaxing)
 .debug_str     0x0000000000090aed     0x15d1 ./Drivers/STM32F1xx_HAL_Driver/Src/stm32f1xx_ll_adc.o
                                      0x86eeb (size before relaxing)
 .debug_str     0x00000000000920be      0x39b ./Drivers/STM32F1xx_HAL_Driver/Src/stm32f1xx_ll_gpio.o
                                      0x81020 (size before relaxing)
 .debug_str     0x0000000000092459      0x454 ./Drivers/STM32F1xx_HAL_Driver/Src/stm32f1xx_ll_i2c.o
                                      0x81dc3 (size before relaxing)
 .debug_str     0x00000000000928ad      0x2ba ./Drivers/STM32F1xx_HAL_Driver/Src/stm32f1xx_ll_rcc.o
                                      0x80ba7 (size before relaxing)
 .debug_str     0x0000000000092b67      0x7c4 ./Drivers/STM32F1xx_HAL_Driver/Src/stm32f1xx_ll_usart.o
                                      0x82428 (size before relaxing)
 .debug_str     0x000000000009332b      0xad6 ./Drivers/STM32F1xx_HAL_Driver/Src/stm32f1xx_ll_utils.o
                                      0x8189c (size before relaxing)

.debug_frame    0x0000000000000000     0x28c0
 .debug_frame   0x0000000000000000      0x6d0 ./Core/Src/main.o
 .debug_frame   0x00000000000006d0       0x80 ./Core/Src/stm32f1xx_hal_msp.o
 .debug_frame   0x0000000000000750      0x120 ./Core/Src/stm32f1xx_it.o
 .debug_frame   0x0000000000000870       0x58 ./Core/Src/system_stm32f1xx.o
 .debug_frame   0x00000000000008c8      0x334 ./Drivers/STM32F1xx_HAL_Driver/Src/stm32f1xx_hal.o
 .debug_frame   0x0000000000000bfc      0x45c ./Drivers/STM32F1xx_HAL_Driver/Src/stm32f1xx_hal_adc.o
 .debug_frame   0x0000000000001058      0x200 ./Drivers/STM32F1xx_HAL_Driver/Src/stm32f1xx_hal_adc_ex.o
 .debug_frame   0x0000000000001258      0x428 ./Drivers/STM32F1xx_HAL_Driver/Src/stm32f1xx_hal_cortex.o
 .debug_frame   0x0000000000001680      0x14c ./Drivers/STM32F1xx_HAL_Driver/Src/stm32f1xx_hal_gpio.o
 .debug_frame   0x00000000000017cc      0x2cc ./Drivers/STM32F1xx_HAL_Driver/Src/stm32f1xx_ll_adc.o
 .debug_frame   0x0000000000001a98      0x170 ./Drivers/STM32F1xx_HAL_Driver/Src/stm32f1xx_ll_gpio.o
 .debug_frame   0x0000000000001c08      0x1c0 ./Drivers/STM32F1xx_HAL_Driver/Src/stm32f1xx_ll_i2c.o
 .debug_frame   0x0000000000001dc8      0x34c ./Drivers/STM32F1xx_HAL_Driver/Src/stm32f1xx_ll_rcc.o
 .debug_frame   0x0000000000002114      0x234 ./Drivers/STM32F1xx_HAL_Driver/Src/stm32f1xx_ll_usart.o
 .debug_frame   0x0000000000002348      0x400 ./Drivers/STM32F1xx_HAL_Driver/Src/stm32f1xx_ll_utils.o
 .debug_frame   0x0000000000002748       0x2c C:/ST/STM32CubeIDE_1.11.0/STM32CubeIDE/plugins/com.st.stm32cube.ide.mcu.externaltools.gnu-tools-for-stm32.11.3.rel1.win32_1.1.1.202309131626/tools/bin/../lib/gcc/arm-none-eabi/11.3.1/../../../../arm-none-eabi/lib/thumb/v7-m/nofp\libc_nano.a(libc_a-init.o)
 .debug_frame   0x0000000000002774       0x4c C:/ST/STM32CubeIDE_1.11.0/STM32CubeIDE/plugins/com.st.stm32cube.ide.mcu.externaltools.gnu-tools-for-stm32.11.3.rel1.win32_1.1.1.202309131626/tools/bin/../lib/gcc/arm-none-eabi/11.3.1/thumb/v7-m/nofp\libgcc.a(_arm_addsubsf3.o)
 .debug_frame   0x00000000000027c0       0x38 C:/ST/STM32CubeIDE_1.11.0/STM32CubeIDE/plugins/com.st.stm32cube.ide.mcu.externaltools.gnu-tools-for-stm32.11.3.rel1.win32_1.1.1.202309131626/tools/bin/../lib/gcc/arm-none-eabi/11.3.1/thumb/v7-m/nofp\libgcc.a(_arm_muldivsf3.o)
 .debug_frame   0x00000000000027f8       0xc8 C:/ST/STM32CubeIDE_1.11.0/STM32CubeIDE/plugins/com.st.stm32cube.ide.mcu.externaltools.gnu-tools-for-stm32.11.3.rel1.win32_1.1.1.202309131626/tools/bin/../lib/gcc/arm-none-eabi/11.3.1/thumb/v7-m/nofp\libgcc.a(_arm_cmpsf2.o)

.debug_line_str
                0x0000000000000000       0x4c
 .debug_line_str
                0x0000000000000000       0x4c ./Core/Startup/startup_stm32f103c8tx.o
                                         0x64 (size before relaxing)
